This is XeTeX, Version 3.141592653-2.6-0.999997 (TeX Live 2025) (preloaded format=xelatex 2025.10.11)  15 NOV 2025 19:06
entering extended mode
 restricted \write18 enabled.
 %&-line parsing enabled.
**Notemain.tex
(./Notemain.tex
LaTeX2e <2024-11-01> patch level 2
L3 programming layer <2025-01-18>
(d:/A_Insatall/Texlive2025/texlive/2025/texmf-dist/tex/latex/base/book.cls
Document Class: book 2024/06/29 v1.4n Standard LaTeX document class
(d:/A_Insatall/Texlive2025/texlive/2025/texmf-dist/tex/latex/base/bk10.clo
File: bk10.clo 2024/06/29 v1.4n Standard LaTeX file (size option)
)
\c@part=\count192
\c@chapter=\count193
\c@section=\count194
\c@subsection=\count195
\c@subsubsection=\count196
\c@paragraph=\count197
\c@subparagraph=\count198
\c@figure=\count199
\c@table=\count266
\abovecaptionskip=\skip49
\belowcaptionskip=\skip50
\bibindent=\dimen141
)
(d:/A_Insatall/Texlive2025/texlive/2025/texmf-dist/tex/latex/ctex/ctex.sty
(d:/A_Insatall/Texlive2025/texlive/2025/texmf-dist/tex/latex/l3kernel/expl3.sty
Package: expl3 2025-01-18 L3 programming layer (loader) 

(d:/A_Insatall/Texlive2025/texlive/2025/texmf-dist/tex/latex/l3backend/l3backen
d-xetex.def
File: l3backend-xetex.def 2024-05-08 L3 backend support: XeTeX
\g__graphics_track_int=\count267
\l__pdf_internal_box=\box52
\g__pdf_backend_annotation_int=\count268
\g__pdf_backend_link_int=\count269
))
Package: ctex 2022/07/14 v2.5.10 Chinese adapter in LaTeX (CTEX)

(d:/A_Insatall/Texlive2025/texlive/2025/texmf-dist/tex/latex/ctex/ctexhook.sty
Package: ctexhook 2022/07/14 v2.5.10 Document and package hooks (CTEX)
)
(d:/A_Insatall/Texlive2025/texlive/2025/texmf-dist/tex/latex/ctex/ctexpatch.sty
Package: ctexpatch 2022/07/14 v2.5.10 Patching commands (CTEX)
) (d:/A_Insatall/Texlive2025/texlive/2025/texmf-dist/tex/latex/base/fix-cm.sty
Package: fix-cm 2020/11/24 v1.1t fixes to LaTeX

(d:/A_Insatall/Texlive2025/texlive/2025/texmf-dist/tex/latex/base/ts1enc.def
File: ts1enc.def 2001/06/05 v3.0e (jk/car/fm) Standard LaTeX file
LaTeX Font Info:    Redeclaring font encoding TS1 on input line 47.
))
\l__ctex_tmp_int=\count270
\l__ctex_tmp_box=\box53
\l__ctex_tmp_dim=\dimen142
\g__ctex_section_depth_int=\count271
\g__ctex_font_size_int=\count272

(d:/A_Insatall/Texlive2025/texlive/2025/texmf-dist/tex/latex/ctex/config/ctexop
ts.cfg
File: ctexopts.cfg 2022/07/14 v2.5.10 Option configuration file (CTEX)
)
(d:/A_Insatall/Texlive2025/texlive/2025/texmf-dist/tex/latex/ctex/engine/ctex-e
ngine-xetex.def
File: ctex-engine-xetex.def 2022/07/14 v2.5.10 XeLaTeX adapter (CTEX)

(d:/A_Insatall/Texlive2025/texlive/2025/texmf-dist/tex/xelatex/xecjk/xeCJK.sty
Package: xeCJK 2022/08/05 v3.9.1 Typesetting CJK scripts with XeLaTeX

(d:/A_Insatall/Texlive2025/texlive/2025/texmf-dist/tex/latex/l3packages/xtempla
te/xtemplate.sty
Package: xtemplate 2024-08-16 L3 Experimental prototype document functions
)
\l__xeCJK_tmp_int=\count273
\l__xeCJK_tmp_box=\box54
\l__xeCJK_tmp_dim=\dimen143
\l__xeCJK_tmp_skip=\skip51
\g__xeCJK_space_factor_int=\count274
\l__xeCJK_begin_int=\count275
\l__xeCJK_end_int=\count276
\c__xeCJK_CJK_class_int=\XeTeXcharclass1
\c__xeCJK_FullLeft_class_int=\XeTeXcharclass2
\c__xeCJK_FullRight_class_int=\XeTeXcharclass3
\c__xeCJK_HalfLeft_class_int=\XeTeXcharclass4
\c__xeCJK_HalfRight_class_int=\XeTeXcharclass5
\c__xeCJK_NormalSpace_class_int=\XeTeXcharclass6
\c__xeCJK_CM_class_int=\XeTeXcharclass7
\c__xeCJK_HangulJamo_class_int=\XeTeXcharclass8
\l__xeCJK_last_skip=\skip52
\c__xeCJK_none_node=\count277
\g__xeCJK_node_int=\count278
\c__xeCJK_CJK_node_dim=\dimen144
\c__xeCJK_CJK-space_node_dim=\dimen145
\c__xeCJK_default_node_dim=\dimen146
\c__xeCJK_CJK-widow_node_dim=\dimen147
\c__xeCJK_normalspace_node_dim=\dimen148
\c__xeCJK_default-space_node_skip=\skip53
\l__xeCJK_ccglue_skip=\skip54
\l__xeCJK_ecglue_skip=\skip55
\l__xeCJK_punct_kern_skip=\skip56
\l__xeCJK_indent_box=\box55
\l__xeCJK_last_penalty_int=\count279
\l__xeCJK_last_bound_dim=\dimen149
\l__xeCJK_last_kern_dim=\dimen150
\l__xeCJK_widow_penalty_int=\count280

LaTeX template Info: Declaring template type 'xeCJK/punctuation' taking 0
(template)           argument(s) on line 2396.

\l__xeCJK_fixed_punct_width_dim=\dimen151
\l__xeCJK_mixed_punct_width_dim=\dimen152
\l__xeCJK_middle_punct_width_dim=\dimen153
\l__xeCJK_fixed_margin_width_dim=\dimen154
\l__xeCJK_mixed_margin_width_dim=\dimen155
\l__xeCJK_middle_margin_width_dim=\dimen156
\l__xeCJK_bound_punct_width_dim=\dimen157
\l__xeCJK_bound_margin_width_dim=\dimen158
\l__xeCJK_margin_minimum_dim=\dimen159
\l__xeCJK_kerning_total_width_dim=\dimen160
\l__xeCJK_same_align_margin_dim=\dimen161
\l__xeCJK_different_align_margin_dim=\dimen162
\l__xeCJK_kerning_margin_width_dim=\dimen163
\l__xeCJK_kerning_margin_minimum_dim=\dimen164
\l__xeCJK_bound_dim=\dimen165
\l__xeCJK_reverse_bound_dim=\dimen166
\l__xeCJK_margin_dim=\dimen167
\l__xeCJK_minimum_bound_dim=\dimen168
\l__xeCJK_kerning_margin_dim=\dimen169
\g__xeCJK_family_int=\count281
\l__xeCJK_fam_int=\count282
\g__xeCJK_fam_allocation_int=\count283
\l__xeCJK_verb_case_int=\count284
\l__xeCJK_verb_exspace_skip=\skip57

(d:/A_Insatall/Texlive2025/texlive/2025/texmf-dist/tex/latex/fontspec/fontspec.
sty
(d:/A_Insatall/Texlive2025/texlive/2025/texmf-dist/tex/latex/l3packages/xparse/
xparse.sty
Package: xparse 2024-08-16 L3 Experimental document command parser
)
Package: fontspec 2024/05/11 v2.9e Font selection for XeLaTeX and LuaLaTeX

(d:/A_Insatall/Texlive2025/texlive/2025/texmf-dist/tex/latex/fontspec/fontspec-
xetex.sty
Package: fontspec-xetex 2024/05/11 v2.9e Font selection for XeLaTeX and LuaLaTe
X
\l__fontspec_script_int=\count285
\l__fontspec_language_int=\count286
\l__fontspec_strnum_int=\count287
\l__fontspec_tmp_int=\count288
\l__fontspec_tmpa_int=\count289
\l__fontspec_tmpb_int=\count290
\l__fontspec_tmpc_int=\count291
\l__fontspec_em_int=\count292
\l__fontspec_emdef_int=\count293
\l__fontspec_strong_int=\count294
\l__fontspec_strongdef_int=\count295
\l__fontspec_tmpa_dim=\dimen170
\l__fontspec_tmpb_dim=\dimen171
\l__fontspec_tmpc_dim=\dimen172

(d:/A_Insatall/Texlive2025/texlive/2025/texmf-dist/tex/latex/base/fontenc.sty
Package: fontenc 2021/04/29 v2.0v Standard LaTeX package
)
(d:/A_Insatall/Texlive2025/texlive/2025/texmf-dist/tex/latex/fontspec/fontspec.
cfg)))
(d:/A_Insatall/Texlive2025/texlive/2025/texmf-dist/tex/xelatex/xecjk/xeCJK.cfg
File: xeCJK.cfg 2022/08/05 v3.9.1 Configuration file for xeCJK package
))
\ccwd=\dimen173
\l__ctex_ccglue_skip=\skip58
)
\l__ctex_ziju_dim=\dimen174

(d:/A_Insatall/Texlive2025/texlive/2025/texmf-dist/tex/latex/zhnumber/zhnumber.
sty
Package: zhnumber 2022/07/14 v3.0 Typesetting numbers with Chinese glyphs
\l__zhnum_scale_int=\count296
\l__zhnum_tmp_int=\count297

(d:/A_Insatall/Texlive2025/texlive/2025/texmf-dist/tex/latex/zhnumber/zhnumber-
utf8.cfg
File: zhnumber-utf8.cfg 2022/07/14 v3.0 Chinese numerals with UTF8 encoding
))
(d:/A_Insatall/Texlive2025/texlive/2025/texmf-dist/tex/latex/ctex/scheme/ctex-s
cheme-chinese.def
File: ctex-scheme-chinese.def 2022/07/14 v2.5.10 Chinese scheme for generic (CT
EX)

(d:/A_Insatall/Texlive2025/texlive/2025/texmf-dist/tex/latex/ctex/config/ctex-n
ame-utf8.cfg
File: ctex-name-utf8.cfg 2022/07/14 v2.5.10 Caption with encoding UTF-8 (CTEX)
))
(d:/A_Insatall/Texlive2025/texlive/2025/texmf-dist/tex/latex/tools/indentfirst.
sty
Package: indentfirst 2023/07/02 v1.03 Indent first paragraph (DPC)
)
(d:/A_Insatall/Texlive2025/texlive/2025/texmf-dist/tex/latex/ctex/fontset/ctex-
fontset-windows.def
File: ctex-fontset-windows.def 2022/07/14 v2.5.10 Windows fonts definition (CTE
X)

Package fontspec Info: 
(fontspec)             Could not resolve font "KaiTi/B" (it probably doesn't
(fontspec)             exist).


Package fontspec Info: 
(fontspec)             Could not resolve font "SimHei/I" (it probably doesn't
(fontspec)             exist).


Package fontspec Info: 
(fontspec)             Could not resolve font "SimSun/BI" (it probably doesn't
(fontspec)             exist).


Package fontspec Info: 
(fontspec)             Font family 'SimSun(0)' created for font 'SimSun' with
(fontspec)             options
(fontspec)             [Script={CJK},BoldFont={SimHei},ItalicFont={KaiTi}].
(fontspec)              
(fontspec)              This font family consists of the following NFSS
(fontspec)             series/shapes:
(fontspec)              
(fontspec)             - 'normal' (m/n) with NFSS spec.:
(fontspec)             <->"SimSun/OT:script=hani;language=dflt;"
(fontspec)             - 'bold' (b/n) with NFSS spec.:
(fontspec)             <->"SimHei/OT:script=hani;language=dflt;"
(fontspec)             - 'italic' (m/it) with NFSS spec.:
(fontspec)             <->"KaiTi/OT:script=hani;language=dflt;"

))
(d:/A_Insatall/Texlive2025/texlive/2025/texmf-dist/tex/latex/ctex/config/ctex.c
fg
File: ctex.cfg 2022/07/14 v2.5.10 Configuration file (CTEX)
)
(d:/A_Insatall/Texlive2025/texlive/2025/texmf-dist/tex/latex/geometry/geometry.
sty
Package: geometry 2020/01/02 v5.9 Page Geometry

(d:/A_Insatall/Texlive2025/texlive/2025/texmf-dist/tex/latex/graphics/keyval.st
y
Package: keyval 2022/05/29 v1.15 key=value parser (DPC)
\KV@toks@=\toks17
)
(d:/A_Insatall/Texlive2025/texlive/2025/texmf-dist/tex/generic/iftex/ifvtex.sty
Package: ifvtex 2019/10/25 v1.7 ifvtex legacy package. Use iftex instead.
(d:/A_Insatall/Texlive2025/texlive/2025/texmf-dist/tex/generic/iftex/iftex.sty
Package: iftex 2024/12/12 v1.0g TeX engine tests
))
\Gm@cnth=\count298
\Gm@cntv=\count299
\c@Gm@tempcnt=\count300
\Gm@bindingoffset=\dimen175
\Gm@wd@mp=\dimen176
\Gm@odd@mp=\dimen177
\Gm@even@mp=\dimen178
\Gm@layoutwidth=\dimen179
\Gm@layoutheight=\dimen180
\Gm@layouthoffset=\dimen181
\Gm@layoutvoffset=\dimen182
\Gm@dimlist=\toks18
)
(d:/A_Insatall/Texlive2025/texlive/2025/texmf-dist/tex/latex/graphics/graphicx.
sty
Package: graphicx 2021/09/16 v1.2d Enhanced LaTeX Graphics (DPC,SPQR)

(d:/A_Insatall/Texlive2025/texlive/2025/texmf-dist/tex/latex/graphics/graphics.
sty
Package: graphics 2024/08/06 v1.4g Standard LaTeX Graphics (DPC,SPQR)

(d:/A_Insatall/Texlive2025/texlive/2025/texmf-dist/tex/latex/graphics/trig.sty
Package: trig 2023/12/02 v1.11 sin cos tan (DPC)
)
(d:/A_Insatall/Texlive2025/texlive/2025/texmf-dist/tex/latex/graphics-cfg/graph
ics.cfg
File: graphics.cfg 2016/06/04 v1.11 sample graphics configuration
)
Package graphics Info: Driver file: xetex.def on input line 106.

(d:/A_Insatall/Texlive2025/texlive/2025/texmf-dist/tex/latex/graphics-def/xetex
.def
File: xetex.def 2022/09/22 v5.0n Graphics/color driver for xetex
))
\Gin@req@height=\dimen183
\Gin@req@width=\dimen184
)
(d:/A_Insatall/Texlive2025/texlive/2025/texmf-dist/tex/latex/xcolor/xcolor.sty
Package: xcolor 2024/09/29 v3.02 LaTeX color extensions (UK)

(d:/A_Insatall/Texlive2025/texlive/2025/texmf-dist/tex/latex/graphics-cfg/color
.cfg
File: color.cfg 2016/01/02 v1.6 sample color configuration
)
Package xcolor Info: Driver file: xetex.def on input line 274.

(d:/A_Insatall/Texlive2025/texlive/2025/texmf-dist/tex/latex/graphics/mathcolor
.ltx)
Package xcolor Info: Model `cmy' substituted by `cmy0' on input line 1349.
Package xcolor Info: Model `RGB' extended on input line 1365.
Package xcolor Info: Model `HTML' substituted by `rgb' on input line 1367.
Package xcolor Info: Model `Hsb' substituted by `hsb' on input line 1368.
Package xcolor Info: Model `tHsb' substituted by `hsb' on input line 1369.
Package xcolor Info: Model `HSB' substituted by `hsb' on input line 1370.
Package xcolor Info: Model `Gray' substituted by `gray' on input line 1371.
Package xcolor Info: Model `wave' substituted by `hsb' on input line 1372.
)
(d:/A_Insatall/Texlive2025/texlive/2025/texmf-dist/tex/latex/amsfonts/amssymb.s
ty
Package: amssymb 2013/01/14 v3.01 AMS font symbols

(d:/A_Insatall/Texlive2025/texlive/2025/texmf-dist/tex/latex/amsfonts/amsfonts.
sty
Package: amsfonts 2013/01/14 v3.01 Basic AMSFonts support
\@emptytoks=\toks19
\symAMSa=\mathgroup4
\symAMSb=\mathgroup5
LaTeX Font Info:    Redeclaring math symbol \hbar on input line 98.
LaTeX Font Info:    Overwriting math alphabet `\mathfrak' in version `bold'
(Font)                  U/euf/m/n --> U/euf/b/n on input line 106.
))
(d:/A_Insatall/Texlive2025/texlive/2025/texmf-dist/tex/latex/amsmath/amsmath.st
y
Package: amsmath 2024/11/05 v2.17t AMS math features
\@mathmargin=\skip59

For additional information on amsmath, use the `?' option.

(d:/A_Insatall/Texlive2025/texlive/2025/texmf-dist/tex/latex/amsmath/amstext.st
y
Package: amstext 2021/08/26 v2.01 AMS text

(d:/A_Insatall/Texlive2025/texlive/2025/texmf-dist/tex/latex/amsmath/amsgen.sty
File: amsgen.sty 1999/11/30 v2.0 generic functions
\@emptytoks=\toks20
\ex@=\dimen185
))
(d:/A_Insatall/Texlive2025/texlive/2025/texmf-dist/tex/latex/amsmath/amsbsy.sty
Package: amsbsy 1999/11/29 v1.2d Bold Symbols
\pmbraise@=\dimen186
)
(d:/A_Insatall/Texlive2025/texlive/2025/texmf-dist/tex/latex/amsmath/amsopn.sty
Package: amsopn 2022/04/08 v2.04 operator names
)
\inf@bad=\count301
LaTeX Info: Redefining \frac on input line 233.
\uproot@=\count302
\leftroot@=\count303
LaTeX Info: Redefining \overline on input line 398.
LaTeX Info: Redefining \colon on input line 409.
\classnum@=\count304
\DOTSCASE@=\count305
LaTeX Info: Redefining \ldots on input line 495.
LaTeX Info: Redefining \dots on input line 498.
LaTeX Info: Redefining \cdots on input line 619.
\Mathstrutbox@=\box56
\strutbox@=\box57
LaTeX Info: Redefining \big on input line 721.
LaTeX Info: Redefining \Big on input line 722.
LaTeX Info: Redefining \bigg on input line 723.
LaTeX Info: Redefining \Bigg on input line 724.
\big@size=\dimen187
LaTeX Font Info:    Redeclaring font encoding OML on input line 742.
LaTeX Font Info:    Redeclaring font encoding OMS on input line 743.
\macc@depth=\count306
LaTeX Info: Redefining \bmod on input line 904.
LaTeX Info: Redefining \pmod on input line 909.
LaTeX Info: Redefining \smash on input line 939.
LaTeX Info: Redefining \relbar on input line 969.
LaTeX Info: Redefining \Relbar on input line 970.
\c@MaxMatrixCols=\count307
\dotsspace@=\muskip17
\c@parentequation=\count308
\dspbrk@lvl=\count309
\tag@help=\toks21
\row@=\count310
\column@=\count311
\maxfields@=\count312
\andhelp@=\toks22
\eqnshift@=\dimen188
\alignsep@=\dimen189
\tagshift@=\dimen190
\tagwidth@=\dimen191
\totwidth@=\dimen192
\lineht@=\dimen193
\@envbody=\toks23
\multlinegap=\skip60
\multlinetaggap=\skip61
\mathdisplay@stack=\toks24
LaTeX Info: Redefining \[ on input line 2953.
LaTeX Info: Redefining \] on input line 2954.
)
(d:/A_Insatall/Texlive2025/texlive/2025/texmf-dist/tex/latex/jknapltx/mathrsfs.
sty
Package: mathrsfs 1996/01/01 Math RSFS package v1.0 (jk)
\symrsfs=\mathgroup6
)
(d:/A_Insatall/Texlive2025/texlive/2025/texmf-dist/tex/latex/psnfss/mathpazo.st
y
Package: mathpazo 2020/03/25 PSNFSS-v9.3 Palatino w/ Pazo Math (D.Puga, WaS) 
\symupright=\mathgroup7
)
(d:/A_Insatall/Texlive2025/texlive/2025/texmf-dist/tex/latex/newpx/newpxtext.st
y
Package: newpxtext 2025/02/10 v1.541(Michael Sharpe) latex and unicode latex su
pport for TeXGyrePagellaX

`newpxtext' v1.541, 2025/02/10 Text macros taking advantage of TeXGyre Pagella 
and its extensions (msharpe)
(d:/A_Insatall/Texlive2025/texlive/2025/texmf-dist/tex/latex/base/fontenc.sty
Package: fontenc 2021/04/29 v2.0v Standard LaTeX package
LaTeX Font Info:    Trying to load font information for T1+ppl on input line 11
6.

(d:/A_Insatall/Texlive2025/texlive/2025/texmf-dist/tex/latex/psnfss/t1ppl.fd
File: t1ppl.fd 2001/06/04 font definitions for T1/ppl.
))
(d:/A_Insatall/Texlive2025/texlive/2025/texmf-dist/tex/latex/xpatch/xpatch.sty
Package: xpatch 2020/03/25 v0.3a Extending etoolbox patching commands

(d:/A_Insatall/Texlive2025/texlive/2025/texmf-dist/tex/latex/etoolbox/etoolbox.
sty
Package: etoolbox 2025/02/11 v2.5l e-TeX tools for LaTeX (JAW)
\etb@tempcnta=\count313
))
(d:/A_Insatall/Texlive2025/texlive/2025/texmf-dist/tex/latex/xkeyval/xkeyval.st
y
Package: xkeyval 2022/06/16 v2.9 package option processing (HA)

(d:/A_Insatall/Texlive2025/texlive/2025/texmf-dist/tex/generic/xkeyval/xkeyval.
tex
(d:/A_Insatall/Texlive2025/texlive/2025/texmf-dist/tex/generic/xkeyval/xkvutils
.tex
\XKV@toks=\toks25
\XKV@tempa@toks=\toks26
)
\XKV@depth=\count314
File: xkeyval.tex 2014/12/03 v2.7a key=value parser (HA)
))
(d:/A_Insatall/Texlive2025/texlive/2025/texmf-dist/tex/latex/base/textcomp.sty
Package: textcomp 2024/04/24 v2.1b Standard LaTeX package
)
(d:/A_Insatall/Texlive2025/texlive/2025/texmf-dist/tex/generic/xstring/xstring.
sty
(d:/A_Insatall/Texlive2025/texlive/2025/texmf-dist/tex/generic/xstring/xstring.
tex
\xs_counta=\count315
\xs_countb=\count316
)
Package: xstring 2023/08/22 v1.86 String manipulations (CT)
)
(d:/A_Insatall/Texlive2025/texlive/2025/texmf-dist/tex/latex/base/ifthen.sty
Package: ifthen 2024/03/16 v1.1e Standard LaTeX ifthen package (DPC)
)
(d:/A_Insatall/Texlive2025/texlive/2025/texmf-dist/tex/latex/carlisle/scalefnt.
sty)
\zpl@cnt=\count317
\zpl@sixem=\dimen194
\zpl@y=\dimen195
\zpl@x=\dimen196
\zpl@tmpdima=\dimen197
\zpl@tmpdimb=\dimen198
\zpl@tmpdimc=\dimen199
\zpl@tmpdimd=\dimen256
\zpl@tmpdime=\dimen257
\zpl@tmpdimf=\dimen258
\zpl@dimA=\dimen259
\zpl@dimAA=\dimen260
\zpl@dimB=\dimen261
\zpl@dimBB=\dimen262
\zpl@dimC=\dimen263
LaTeX Info: Redefining \oldstylenums on input line 798.
LaTeX Info: Redefining \liningnums on input line 800.
)
(d:/A_Insatall/Texlive2025/texlive/2025/texmf-dist/tex/latex/hyperref/hyperref.
sty
Package: hyperref 2024-11-05 v7.01l Hypertext links for LaTeX

(d:/A_Insatall/Texlive2025/texlive/2025/texmf-dist/tex/latex/kvsetkeys/kvsetkey
s.sty
Package: kvsetkeys 2022-10-05 v1.19 Key value parser (HO)
)
(d:/A_Insatall/Texlive2025/texlive/2025/texmf-dist/tex/generic/kvdefinekeys/kvd
efinekeys.sty
Package: kvdefinekeys 2019-12-19 v1.6 Define keys (HO)
)
(d:/A_Insatall/Texlive2025/texlive/2025/texmf-dist/tex/generic/pdfescape/pdfesc
ape.sty
Package: pdfescape 2019/12/09 v1.15 Implements pdfTeX's escape features (HO)

(d:/A_Insatall/Texlive2025/texlive/2025/texmf-dist/tex/generic/ltxcmds/ltxcmds.
sty
Package: ltxcmds 2023-12-04 v1.26 LaTeX kernel commands for general use (HO)
)
(d:/A_Insatall/Texlive2025/texlive/2025/texmf-dist/tex/generic/pdftexcmds/pdfte
xcmds.sty
Package: pdftexcmds 2020-06-27 v0.33 Utility functions of pdfTeX for LuaTeX (HO
)

(d:/A_Insatall/Texlive2025/texlive/2025/texmf-dist/tex/generic/infwarerr/infwar
err.sty
Package: infwarerr 2019/12/03 v1.5 Providing info/warning/error messages (HO)
)
Package pdftexcmds Info: \pdf@primitive is available.
Package pdftexcmds Info: \pdf@ifprimitive is available.
Package pdftexcmds Info: \pdfdraftmode not found.
))
(d:/A_Insatall/Texlive2025/texlive/2025/texmf-dist/tex/latex/hycolor/hycolor.st
y
Package: hycolor 2020-01-27 v1.10 Color options for hyperref/bookmark (HO)
)
(d:/A_Insatall/Texlive2025/texlive/2025/texmf-dist/tex/latex/hyperref/nameref.s
ty
Package: nameref 2023-11-26 v2.56 Cross-referencing by name of section

(d:/A_Insatall/Texlive2025/texlive/2025/texmf-dist/tex/latex/refcount/refcount.
sty
Package: refcount 2019/12/15 v3.6 Data extraction from label references (HO)
)
(d:/A_Insatall/Texlive2025/texlive/2025/texmf-dist/tex/generic/gettitlestring/g
ettitlestring.sty
Package: gettitlestring 2019/12/15 v1.6 Cleanup title references (HO)

(d:/A_Insatall/Texlive2025/texlive/2025/texmf-dist/tex/latex/kvoptions/kvoption
s.sty
Package: kvoptions 2022-06-15 v3.15 Key value format for package options (HO)
))
\c@section@level=\count318
)
(d:/A_Insatall/Texlive2025/texlive/2025/texmf-dist/tex/generic/stringenc/string
enc.sty
Package: stringenc 2019/11/29 v1.12 Convert strings between diff. encodings (HO
)
)
\@linkdim=\dimen264
\Hy@linkcounter=\count319
\Hy@pagecounter=\count320

(d:/A_Insatall/Texlive2025/texlive/2025/texmf-dist/tex/latex/hyperref/pd1enc.de
f
File: pd1enc.def 2024-11-05 v7.01l Hyperref: PDFDocEncoding definition (HO)
)
(d:/A_Insatall/Texlive2025/texlive/2025/texmf-dist/tex/generic/intcalc/intcalc.
sty
Package: intcalc 2019/12/15 v1.3 Expandable calculations with integers (HO)
)
\Hy@SavedSpaceFactor=\count321

(d:/A_Insatall/Texlive2025/texlive/2025/texmf-dist/tex/latex/hyperref/puenc.def
File: puenc.def 2024-11-05 v7.01l Hyperref: PDF Unicode definition (HO)
)
Package hyperref Info: Option `unicode' set `true' on input line 4040.
Package hyperref Info: Hyper figures OFF on input line 4157.
Package hyperref Info: Link nesting OFF on input line 4162.
Package hyperref Info: Hyper index ON on input line 4165.
Package hyperref Info: Plain pages OFF on input line 4172.
Package hyperref Info: Backreferencing OFF on input line 4177.
Package hyperref Info: Implicit mode ON; LaTeX internals redefined.
Package hyperref Info: Bookmarks ON on input line 4424.
\c@Hy@tempcnt=\count322
 (d:/A_Insatall/Texlive2025/texlive/2025/texmf-dist/tex/latex/url/url.sty
\Urlmuskip=\muskip18
Package: url 2013/09/16  ver 3.4  Verb mode for urls, etc.
)
LaTeX Info: Redefining \url on input line 4763.
\XeTeXLinkMargin=\dimen265

(d:/A_Insatall/Texlive2025/texlive/2025/texmf-dist/tex/generic/bitset/bitset.st
y
Package: bitset 2019/12/09 v1.3 Handle bit-vector datatype (HO)

(d:/A_Insatall/Texlive2025/texlive/2025/texmf-dist/tex/generic/bigintcalc/bigin
tcalc.sty
Package: bigintcalc 2019/12/15 v1.5 Expandable calculations on big integers (HO
)
))
\Fld@menulength=\count323
\Field@Width=\dimen266
\Fld@charsize=\dimen267
Package hyperref Info: Hyper figures OFF on input line 6042.
Package hyperref Info: Link nesting OFF on input line 6047.
Package hyperref Info: Hyper index ON on input line 6050.
Package hyperref Info: backreferencing OFF on input line 6057.
Package hyperref Info: Link coloring OFF on input line 6062.
Package hyperref Info: Link coloring with OCG OFF on input line 6067.
Package hyperref Info: PDF/A mode OFF on input line 6072.

(d:/A_Insatall/Texlive2025/texlive/2025/texmf-dist/tex/latex/base/atbegshi-ltx.
sty
Package: atbegshi-ltx 2021/01/10 v1.0c Emulation of the original atbegshi
package with kernel methods
)
\Hy@abspage=\count324
\c@Item=\count325
\c@Hfootnote=\count326
)
Package hyperref Info: Driver (autodetected): hxetex.

(d:/A_Insatall/Texlive2025/texlive/2025/texmf-dist/tex/latex/hyperref/hxetex.de
f
File: hxetex.def 2024-11-05 v7.01l Hyperref driver for XeTeX
\pdfm@box=\box58
\c@Hy@AnnotLevel=\count327
\HyField@AnnotCount=\count328
\Fld@listcount=\count329
\c@bookmark@seq@number=\count330

(d:/A_Insatall/Texlive2025/texlive/2025/texmf-dist/tex/latex/rerunfilecheck/rer
unfilecheck.sty
Package: rerunfilecheck 2022-07-10 v1.10 Rerun checks for auxiliary files (HO)

(d:/A_Insatall/Texlive2025/texlive/2025/texmf-dist/tex/latex/base/atveryend-ltx
.sty
Package: atveryend-ltx 2020/08/19 v1.0a Emulation of the original atveryend pac
kage
with kernel methods
)
(d:/A_Insatall/Texlive2025/texlive/2025/texmf-dist/tex/generic/uniquecounter/un
iquecounter.sty
Package: uniquecounter 2019/12/15 v1.4 Provide unlimited unique counter (HO)
)
Package uniquecounter Info: New unique counter `rerunfilecheck' on input line 2
85.
)
\Hy@SectionHShift=\skip62
)
Package hyperref Info: Option `colorlinks' set `true' on input line 25.

(d:/A_Insatall/Texlive2025/texlive/2025/texmf-dist/tex/latex/amscls/amsthm.sty
Package: amsthm 2020/05/29 v2.20.6
\thm@style=\toks27
\thm@bodyfont=\toks28
\thm@headfont=\toks29
\thm@notefont=\toks30
\thm@headpunct=\toks31
\thm@preskip=\skip63
\thm@postskip=\skip64
\thm@headsep=\skip65
\dth@everypar=\toks32
)
\c@theorem=\count331

(d:/A_Insatall/Texlive2025/texlive/2025/texmf-dist/tex/latex/titlesec/titlesec.
sty
Package: titlesec 2025/01/04 v2.17 Sectioning titles
\ttl@box=\box59
\beforetitleunit=\skip66
\aftertitleunit=\skip67
\ttl@plus=\dimen268
\ttl@minus=\dimen269
\ttl@toksa=\toks33
\titlewidth=\dimen270
\titlewidthlast=\dimen271
\titlewidthfirst=\dimen272
)
(d:/A_Insatall/Texlive2025/texlive/2025/texmf-dist/tex/latex/titlesec/titletoc.
sty
Package: titletoc 2025/01/04 v2.17 TOC entries
\ttl@leftsep=\dimen273
)
(d:/A_Insatall/Texlive2025/texlive/2025/texmf-dist/tex/latex/fancyhdr/fancyhdr.
sty
Package: fancyhdr 2025/02/07 v5.2 Extensive control of page headers and footers

\f@nch@headwidth=\skip68
\f@nch@offset@elh=\skip69
\f@nch@offset@erh=\skip70
\f@nch@offset@olh=\skip71
\f@nch@offset@orh=\skip72
\f@nch@offset@elf=\skip73
\f@nch@offset@erf=\skip74
\f@nch@offset@olf=\skip75
\f@nch@offset@orf=\skip76
\f@nch@height=\skip77
\f@nch@footalignment=\skip78
\f@nch@widthL=\skip79
\f@nch@widthC=\skip80
\f@nch@widthR=\skip81
\@temptokenb=\toks34
)
(d:/A_Insatall/Texlive2025/texlive/2025/texmf-dist/tex/latex/titling/titling.st
y
Package: titling 2009/09/04 v2.1d maketitle typesetting
\thanksmarkwidth=\skip82
\thanksmargin=\skip83
\droptitle=\skip84
)
(d:/A_Insatall/Texlive2025/texlive/2025/texmf-dist/tex/latex/listings/listings.
sty
\lst@mode=\count332
\lst@gtempboxa=\box60
\lst@token=\toks35
\lst@length=\count333
\lst@currlwidth=\dimen274
\lst@column=\count334
\lst@pos=\count335
\lst@lostspace=\dimen275
\lst@width=\dimen276
\lst@newlines=\count336
\lst@lineno=\count337
\lst@maxwidth=\dimen277

(d:/A_Insatall/Texlive2025/texlive/2025/texmf-dist/tex/latex/listings/lstpatch.
sty
File: lstpatch.sty 2024/09/23 1.10c (Carsten Heinz)
)
(d:/A_Insatall/Texlive2025/texlive/2025/texmf-dist/tex/latex/listings/lstmisc.s
ty
File: lstmisc.sty 2024/09/23 1.10c (Carsten Heinz)
\c@lstnumber=\count338
\lst@skipnumbers=\count339
\lst@framebox=\box61
)
(d:/A_Insatall/Texlive2025/texlive/2025/texmf-dist/tex/latex/listings/listings.
cfg
File: listings.cfg 2024/09/23 1.10c listings configuration
))
Package: listings 2024/09/23 1.10c (Carsten Heinz)

(d:/A_Insatall/Texlive2025/texlive/2025/texmf-dist/tex/xelatex/xecjk/xeCJK-list
ings.sty
Package: xeCJK-listings 2022/08/05 v3.9.1 xeCJK patch file for listings
\l__xeCJK_listings_max_char_int=\count340
\l__xeCJK_listings_flag_int=\count341
)
(d:/A_Insatall/Texlive2025/texlive/2025/texmf-dist/tex/latex/listings/lstlang1.
sty
File: lstlang1.sty 2024/09/23 1.10c listings language file
)
(d:/A_Insatall/Texlive2025/texlive/2025/texmf-dist/tex/latex/comment/comment.st
y
\CommentStream=\write3
 Excluding comment 'comment')
(d:/A_Insatall/Texlive2025/texlive/2025/texmf-dist/tex/latex/pgf/frontendlayer/
tikz.sty
(d:/A_Insatall/Texlive2025/texlive/2025/texmf-dist/tex/latex/pgf/basiclayer/pgf
.sty
(d:/A_Insatall/Texlive2025/texlive/2025/texmf-dist/tex/latex/pgf/utilities/pgfr
cs.sty
(d:/A_Insatall/Texlive2025/texlive/2025/texmf-dist/tex/generic/pgf/utilities/pg
futil-common.tex
\pgfutil@everybye=\toks36
\pgfutil@tempdima=\dimen278
\pgfutil@tempdimb=\dimen279
)
(d:/A_Insatall/Texlive2025/texlive/2025/texmf-dist/tex/generic/pgf/utilities/pg
futil-latex.def
\pgfutil@abb=\box62
)
(d:/A_Insatall/Texlive2025/texlive/2025/texmf-dist/tex/generic/pgf/utilities/pg
frcs.code.tex
(d:/A_Insatall/Texlive2025/texlive/2025/texmf-dist/tex/generic/pgf/pgf.revision
.tex)
Package: pgfrcs 2023-01-15 v3.1.10 (3.1.10)
))
Package: pgf 2023-01-15 v3.1.10 (3.1.10)

(d:/A_Insatall/Texlive2025/texlive/2025/texmf-dist/tex/latex/pgf/basiclayer/pgf
core.sty
(d:/A_Insatall/Texlive2025/texlive/2025/texmf-dist/tex/latex/pgf/systemlayer/pg
fsys.sty
(d:/A_Insatall/Texlive2025/texlive/2025/texmf-dist/tex/generic/pgf/systemlayer/
pgfsys.code.tex
Package: pgfsys 2023-01-15 v3.1.10 (3.1.10)

(d:/A_Insatall/Texlive2025/texlive/2025/texmf-dist/tex/generic/pgf/utilities/pg
fkeys.code.tex
\pgfkeys@pathtoks=\toks37
\pgfkeys@temptoks=\toks38

(d:/A_Insatall/Texlive2025/texlive/2025/texmf-dist/tex/generic/pgf/utilities/pg
fkeyslibraryfiltered.code.tex
\pgfkeys@tmptoks=\toks39
))
\pgf@x=\dimen280
\pgf@y=\dimen281
\pgf@xa=\dimen282
\pgf@ya=\dimen283
\pgf@xb=\dimen284
\pgf@yb=\dimen285
\pgf@xc=\dimen286
\pgf@yc=\dimen287
\pgf@xd=\dimen288
\pgf@yd=\dimen289
\w@pgf@writea=\write4
\r@pgf@reada=\read2
\c@pgf@counta=\count342
\c@pgf@countb=\count343
\c@pgf@countc=\count344
\c@pgf@countd=\count345
\t@pgf@toka=\toks40
\t@pgf@tokb=\toks41
\t@pgf@tokc=\toks42
\pgf@sys@id@count=\count346

(d:/A_Insatall/Texlive2025/texlive/2025/texmf-dist/tex/generic/pgf/systemlayer/
pgf.cfg
File: pgf.cfg 2023-01-15 v3.1.10 (3.1.10)
)
Driver file for pgf: pgfsys-xetex.def

(d:/A_Insatall/Texlive2025/texlive/2025/texmf-dist/tex/generic/pgf/systemlayer/
pgfsys-xetex.def
File: pgfsys-xetex.def 2023-01-15 v3.1.10 (3.1.10)

(d:/A_Insatall/Texlive2025/texlive/2025/texmf-dist/tex/generic/pgf/systemlayer/
pgfsys-dvipdfmx.def
File: pgfsys-dvipdfmx.def 2023-01-15 v3.1.10 (3.1.10)

(d:/A_Insatall/Texlive2025/texlive/2025/texmf-dist/tex/generic/pgf/systemlayer/
pgfsys-common-pdf.def
File: pgfsys-common-pdf.def 2023-01-15 v3.1.10 (3.1.10)
)
\pgfsys@objnum=\count347
)))
(d:/A_Insatall/Texlive2025/texlive/2025/texmf-dist/tex/generic/pgf/systemlayer/
pgfsyssoftpath.code.tex
File: pgfsyssoftpath.code.tex 2023-01-15 v3.1.10 (3.1.10)
\pgfsyssoftpath@smallbuffer@items=\count348
\pgfsyssoftpath@bigbuffer@items=\count349
)
(d:/A_Insatall/Texlive2025/texlive/2025/texmf-dist/tex/generic/pgf/systemlayer/
pgfsysprotocol.code.tex
File: pgfsysprotocol.code.tex 2023-01-15 v3.1.10 (3.1.10)
))
(d:/A_Insatall/Texlive2025/texlive/2025/texmf-dist/tex/generic/pgf/basiclayer/p
gfcore.code.tex
Package: pgfcore 2023-01-15 v3.1.10 (3.1.10)

(d:/A_Insatall/Texlive2025/texlive/2025/texmf-dist/tex/generic/pgf/math/pgfmath
.code.tex
(d:/A_Insatall/Texlive2025/texlive/2025/texmf-dist/tex/generic/pgf/math/pgfmath
util.code.tex)
(d:/A_Insatall/Texlive2025/texlive/2025/texmf-dist/tex/generic/pgf/math/pgfmath
parser.code.tex
\pgfmath@dimen=\dimen290
\pgfmath@count=\count350
\pgfmath@box=\box63
\pgfmath@toks=\toks43
\pgfmath@stack@operand=\toks44
\pgfmath@stack@operation=\toks45
)
(d:/A_Insatall/Texlive2025/texlive/2025/texmf-dist/tex/generic/pgf/math/pgfmath
functions.code.tex)
(d:/A_Insatall/Texlive2025/texlive/2025/texmf-dist/tex/generic/pgf/math/pgfmath
functions.basic.code.tex)
(d:/A_Insatall/Texlive2025/texlive/2025/texmf-dist/tex/generic/pgf/math/pgfmath
functions.trigonometric.code.tex)
(d:/A_Insatall/Texlive2025/texlive/2025/texmf-dist/tex/generic/pgf/math/pgfmath
functions.random.code.tex)
(d:/A_Insatall/Texlive2025/texlive/2025/texmf-dist/tex/generic/pgf/math/pgfmath
functions.comparison.code.tex)
(d:/A_Insatall/Texlive2025/texlive/2025/texmf-dist/tex/generic/pgf/math/pgfmath
functions.base.code.tex)
(d:/A_Insatall/Texlive2025/texlive/2025/texmf-dist/tex/generic/pgf/math/pgfmath
functions.round.code.tex)
(d:/A_Insatall/Texlive2025/texlive/2025/texmf-dist/tex/generic/pgf/math/pgfmath
functions.misc.code.tex)
(d:/A_Insatall/Texlive2025/texlive/2025/texmf-dist/tex/generic/pgf/math/pgfmath
functions.integerarithmetics.code.tex)
(d:/A_Insatall/Texlive2025/texlive/2025/texmf-dist/tex/generic/pgf/math/pgfmath
calc.code.tex)
(d:/A_Insatall/Texlive2025/texlive/2025/texmf-dist/tex/generic/pgf/math/pgfmath
float.code.tex
\c@pgfmathroundto@lastzeros=\count351
))
(d:/A_Insatall/Texlive2025/texlive/2025/texmf-dist/tex/generic/pgf/math/pgfint.
code.tex)
(d:/A_Insatall/Texlive2025/texlive/2025/texmf-dist/tex/generic/pgf/basiclayer/p
gfcorepoints.code.tex
File: pgfcorepoints.code.tex 2023-01-15 v3.1.10 (3.1.10)
\pgf@picminx=\dimen291
\pgf@picmaxx=\dimen292
\pgf@picminy=\dimen293
\pgf@picmaxy=\dimen294
\pgf@pathminx=\dimen295
\pgf@pathmaxx=\dimen296
\pgf@pathminy=\dimen297
\pgf@pathmaxy=\dimen298
\pgf@xx=\dimen299
\pgf@xy=\dimen300
\pgf@yx=\dimen301
\pgf@yy=\dimen302
\pgf@zx=\dimen303
\pgf@zy=\dimen304
)
(d:/A_Insatall/Texlive2025/texlive/2025/texmf-dist/tex/generic/pgf/basiclayer/p
gfcorepathconstruct.code.tex
File: pgfcorepathconstruct.code.tex 2023-01-15 v3.1.10 (3.1.10)
\pgf@path@lastx=\dimen305
\pgf@path@lasty=\dimen306
)
(d:/A_Insatall/Texlive2025/texlive/2025/texmf-dist/tex/generic/pgf/basiclayer/p
gfcorepathusage.code.tex
File: pgfcorepathusage.code.tex 2023-01-15 v3.1.10 (3.1.10)
\pgf@shorten@end@additional=\dimen307
\pgf@shorten@start@additional=\dimen308
)
(d:/A_Insatall/Texlive2025/texlive/2025/texmf-dist/tex/generic/pgf/basiclayer/p
gfcorescopes.code.tex
File: pgfcorescopes.code.tex 2023-01-15 v3.1.10 (3.1.10)
\pgfpic=\box64
\pgf@hbox=\box65
\pgf@layerbox@main=\box66
\pgf@picture@serial@count=\count352
)
(d:/A_Insatall/Texlive2025/texlive/2025/texmf-dist/tex/generic/pgf/basiclayer/p
gfcoregraphicstate.code.tex
File: pgfcoregraphicstate.code.tex 2023-01-15 v3.1.10 (3.1.10)
\pgflinewidth=\dimen309
)
(d:/A_Insatall/Texlive2025/texlive/2025/texmf-dist/tex/generic/pgf/basiclayer/p
gfcoretransformations.code.tex
File: pgfcoretransformations.code.tex 2023-01-15 v3.1.10 (3.1.10)
\pgf@pt@x=\dimen310
\pgf@pt@y=\dimen311
\pgf@pt@temp=\dimen312
)
(d:/A_Insatall/Texlive2025/texlive/2025/texmf-dist/tex/generic/pgf/basiclayer/p
gfcorequick.code.tex
File: pgfcorequick.code.tex 2023-01-15 v3.1.10 (3.1.10)
)
(d:/A_Insatall/Texlive2025/texlive/2025/texmf-dist/tex/generic/pgf/basiclayer/p
gfcoreobjects.code.tex
File: pgfcoreobjects.code.tex 2023-01-15 v3.1.10 (3.1.10)
)
(d:/A_Insatall/Texlive2025/texlive/2025/texmf-dist/tex/generic/pgf/basiclayer/p
gfcorepathprocessing.code.tex
File: pgfcorepathprocessing.code.tex 2023-01-15 v3.1.10 (3.1.10)
)
(d:/A_Insatall/Texlive2025/texlive/2025/texmf-dist/tex/generic/pgf/basiclayer/p
gfcorearrows.code.tex
File: pgfcorearrows.code.tex 2023-01-15 v3.1.10 (3.1.10)
\pgfarrowsep=\dimen313
)
(d:/A_Insatall/Texlive2025/texlive/2025/texmf-dist/tex/generic/pgf/basiclayer/p
gfcoreshade.code.tex
File: pgfcoreshade.code.tex 2023-01-15 v3.1.10 (3.1.10)
\pgf@max=\dimen314
\pgf@sys@shading@range@num=\count353
\pgf@shadingcount=\count354
)
(d:/A_Insatall/Texlive2025/texlive/2025/texmf-dist/tex/generic/pgf/basiclayer/p
gfcoreimage.code.tex
File: pgfcoreimage.code.tex 2023-01-15 v3.1.10 (3.1.10)
)
(d:/A_Insatall/Texlive2025/texlive/2025/texmf-dist/tex/generic/pgf/basiclayer/p
gfcoreexternal.code.tex
File: pgfcoreexternal.code.tex 2023-01-15 v3.1.10 (3.1.10)
\pgfexternal@startupbox=\box67
)
(d:/A_Insatall/Texlive2025/texlive/2025/texmf-dist/tex/generic/pgf/basiclayer/p
gfcorelayers.code.tex
File: pgfcorelayers.code.tex 2023-01-15 v3.1.10 (3.1.10)
)
(d:/A_Insatall/Texlive2025/texlive/2025/texmf-dist/tex/generic/pgf/basiclayer/p
gfcoretransparency.code.tex
File: pgfcoretransparency.code.tex 2023-01-15 v3.1.10 (3.1.10)
)
(d:/A_Insatall/Texlive2025/texlive/2025/texmf-dist/tex/generic/pgf/basiclayer/p
gfcorepatterns.code.tex
File: pgfcorepatterns.code.tex 2023-01-15 v3.1.10 (3.1.10)
)
(d:/A_Insatall/Texlive2025/texlive/2025/texmf-dist/tex/generic/pgf/basiclayer/p
gfcorerdf.code.tex
File: pgfcorerdf.code.tex 2023-01-15 v3.1.10 (3.1.10)
)))
(d:/A_Insatall/Texlive2025/texlive/2025/texmf-dist/tex/generic/pgf/modules/pgfm
oduleshapes.code.tex
File: pgfmoduleshapes.code.tex 2023-01-15 v3.1.10 (3.1.10)
\pgfnodeparttextbox=\box68
)
(d:/A_Insatall/Texlive2025/texlive/2025/texmf-dist/tex/generic/pgf/modules/pgfm
oduleplot.code.tex
File: pgfmoduleplot.code.tex 2023-01-15 v3.1.10 (3.1.10)
)
(d:/A_Insatall/Texlive2025/texlive/2025/texmf-dist/tex/latex/pgf/compatibility/
pgfcomp-version-0-65.sty
Package: pgfcomp-version-0-65 2023-01-15 v3.1.10 (3.1.10)
\pgf@nodesepstart=\dimen315
\pgf@nodesepend=\dimen316
)
(d:/A_Insatall/Texlive2025/texlive/2025/texmf-dist/tex/latex/pgf/compatibility/
pgfcomp-version-1-18.sty
Package: pgfcomp-version-1-18 2023-01-15 v3.1.10 (3.1.10)
))
(d:/A_Insatall/Texlive2025/texlive/2025/texmf-dist/tex/latex/pgf/utilities/pgff
or.sty
(d:/A_Insatall/Texlive2025/texlive/2025/texmf-dist/tex/latex/pgf/utilities/pgfk
eys.sty
(d:/A_Insatall/Texlive2025/texlive/2025/texmf-dist/tex/generic/pgf/utilities/pg
fkeys.code.tex))
(d:/A_Insatall/Texlive2025/texlive/2025/texmf-dist/tex/latex/pgf/math/pgfmath.s
ty
(d:/A_Insatall/Texlive2025/texlive/2025/texmf-dist/tex/generic/pgf/math/pgfmath
.code.tex))
(d:/A_Insatall/Texlive2025/texlive/2025/texmf-dist/tex/generic/pgf/utilities/pg
ffor.code.tex
Package: pgffor 2023-01-15 v3.1.10 (3.1.10)
\pgffor@iter=\dimen317
\pgffor@skip=\dimen318
\pgffor@stack=\toks46
\pgffor@toks=\toks47
))
(d:/A_Insatall/Texlive2025/texlive/2025/texmf-dist/tex/generic/pgf/frontendlaye
r/tikz/tikz.code.tex
Package: tikz 2023-01-15 v3.1.10 (3.1.10)

(d:/A_Insatall/Texlive2025/texlive/2025/texmf-dist/tex/generic/pgf/libraries/pg
flibraryplothandlers.code.tex
File: pgflibraryplothandlers.code.tex 2023-01-15 v3.1.10 (3.1.10)
\pgf@plot@mark@count=\count355
\pgfplotmarksize=\dimen319
)
\tikz@lastx=\dimen320
\tikz@lasty=\dimen321
\tikz@lastxsaved=\dimen322
\tikz@lastysaved=\dimen323
\tikz@lastmovetox=\dimen324
\tikz@lastmovetoy=\dimen325
\tikzleveldistance=\dimen326
\tikzsiblingdistance=\dimen327
\tikz@figbox=\box69
\tikz@figbox@bg=\box70
\tikz@tempbox=\box71
\tikz@tempbox@bg=\box72
\tikztreelevel=\count356
\tikznumberofchildren=\count357
\tikznumberofcurrentchild=\count358
\tikz@fig@count=\count359

(d:/A_Insatall/Texlive2025/texlive/2025/texmf-dist/tex/generic/pgf/modules/pgfm
odulematrix.code.tex
File: pgfmodulematrix.code.tex 2023-01-15 v3.1.10 (3.1.10)
\pgfmatrixcurrentrow=\count360
\pgfmatrixcurrentcolumn=\count361
\pgf@matrix@numberofcolumns=\count362
)
\tikz@expandcount=\count363

(d:/A_Insatall/Texlive2025/texlive/2025/texmf-dist/tex/generic/pgf/frontendlaye
r/tikz/libraries/tikzlibrarytopaths.code.tex
File: tikzlibrarytopaths.code.tex 2023-01-15 v3.1.10 (3.1.10)
)))
(d:/A_Insatall/Texlive2025/texlive/2025/texmf-dist/tex/generic/pgf/frontendlaye
r/tikz/libraries/tikzlibrary3d.code.tex
File: tikzlibrary3d.code.tex 2023-01-15 v3.1.10 (3.1.10)
)
(d:/A_Insatall/Texlive2025/texlive/2025/texmf-dist/tex/generic/pgf/frontendlaye
r/tikz/libraries/tikzlibrarycalc.code.tex
File: tikzlibrarycalc.code.tex 2023-01-15 v3.1.10 (3.1.10)
)
(d:/A_Insatall/Texlive2025/texlive/2025/texmf-dist/tex/generic/pgf/frontendlaye
r/tikz/libraries/tikzlibraryintersections.code.tex
(d:/A_Insatall/Texlive2025/texlive/2025/texmf-dist/tex/generic/pgf/libraries/pg
flibraryintersections.code.tex
(d:/A_Insatall/Texlive2025/texlive/2025/texmf-dist/tex/generic/pgf/libraries/pg
flibraryfpu.code.tex)
\pgf@intersect@solutions=\count364
))
(d:/A_Insatall/Texlive2025/texlive/2025/texmf-dist/tex/latex/float/float.sty
Package: float 2001/11/08 v1.3d Float enhancements (AL)
\c@float@type=\count365
\float@exts=\toks48
\float@box=\box73
\@float@everytoks=\toks49
\@floatcapt=\box74
)
(d:/A_Insatall/Texlive2025/texlive/2025/texmf-dist/tex/latex/caption/subcaption
.sty
Package: subcaption 2023/07/28 v1.6b Sub-captions (AR)

(d:/A_Insatall/Texlive2025/texlive/2025/texmf-dist/tex/latex/caption/caption.st
y
Package: caption 2023/08/05 v3.6o Customizing captions (AR)

(d:/A_Insatall/Texlive2025/texlive/2025/texmf-dist/tex/latex/caption/caption3.s
ty
Package: caption3 2023/07/31 v2.4d caption3 kernel (AR)
\caption@tempdima=\dimen328
\captionmargin=\dimen329
\caption@leftmargin=\dimen330
\caption@rightmargin=\dimen331
\caption@width=\dimen332
\caption@indent=\dimen333
\caption@parindent=\dimen334
\caption@hangindent=\dimen335
Package caption Info: Standard document class detected.
)
\c@caption@flags=\count366
\c@continuedfloat=\count367
Package caption Info: float package is loaded.
Package caption Info: hyperref package is loaded.
Package caption Info: listings package is loaded.
)
Package caption Info: New subtype `subfigure' on input line 238.
\c@subfigure=\count368
Package caption Info: New subtype `subtable' on input line 238.
\c@subtable=\count369
)
(d:/A_Insatall/Texlive2025/texlive/2025/texmf-dist/tex/latex/tikz-3dplot/tikz-3
dplot.sty
(d:/A_Insatall/Texlive2025/texlive/2025/texmf-dist/tex/generic/pgf/frontendlaye
r/tikz/libraries/tikzlibraryarrows.code.tex
File: tikzlibraryarrows.code.tex 2023-01-15 v3.1.10 (3.1.10)

(d:/A_Insatall/Texlive2025/texlive/2025/texmf-dist/tex/generic/pgf/libraries/pg
flibraryarrows.code.tex
File: pgflibraryarrows.code.tex 2023-01-15 v3.1.10 (3.1.10)
\arrowsize=\dimen336
)))
(d:/A_Insatall/Texlive2025/texlive/2025/texmf-dist/tex/generic/pgf/frontendlaye
r/tikz/libraries/tikzlibrarypatterns.code.tex
File: tikzlibrarypatterns.code.tex 2023-01-15 v3.1.10 (3.1.10)

(d:/A_Insatall/Texlive2025/texlive/2025/texmf-dist/tex/generic/pgf/libraries/pg
flibrarypatterns.code.tex
File: pgflibrarypatterns.code.tex 2023-01-15 v3.1.10 (3.1.10)
))
(d:/A_Insatall/Texlive2025/texlive/2025/texmf-dist/tex/latex/multirow/multirow.
sty
Package: multirow 2024/11/12 v2.9 Span multiple rows of a table
\multirow@colwidth=\skip85
\multirow@cntb=\count370
\multirow@dima=\skip86
\bigstrutjot=\dimen337
)
(d:/A_Insatall/Texlive2025/texlive/2025/texmf-dist/tex/latex/booktabs/booktabs.
sty
Package: booktabs 2020/01/12 v1.61803398 Publication quality tables
\heavyrulewidth=\dimen338
\lightrulewidth=\dimen339
\cmidrulewidth=\dimen340
\belowrulesep=\dimen341
\belowbottomsep=\dimen342
\aboverulesep=\dimen343
\abovetopsep=\dimen344
\cmidrulesep=\dimen345
\cmidrulekern=\dimen346
\defaultaddspace=\dimen347
\@cmidla=\count371
\@cmidlb=\count372
\@aboverulesep=\dimen348
\@belowrulesep=\dimen349
\@thisruleclass=\count373
\@lastruleclass=\count374
\@thisrulewidth=\dimen350
)
(d:/A_Insatall/Texlive2025/texlive/2025/texmf-dist/tex/latex/tools/tabularx.sty
Package: tabularx 2023/12/11 v2.12a `tabularx' package (DPC)
(d:/A_Insatall/Texlive2025/texlive/2025/texmf-dist/tex/latex/tools/array.sty
Package: array 2024/10/17 v2.6g Tabular extension package (FMi)
\col@sep=\dimen351
\ar@mcellbox=\box75
\extrarowheight=\dimen352
\NC@list=\toks50
\extratabsurround=\skip87
\backup@length=\skip88
\ar@cellbox=\box76
)
\TX@col@width=\dimen353
\TX@old@table=\dimen354
\TX@old@col=\dimen355
\TX@target=\dimen356
\TX@delta=\dimen357
\TX@cols=\count375
\TX@ftn=\toks51
)
(d:/A_Insatall/Texlive2025/texlive/2025/texmf-dist/tex/latex/newpx/TeXGyrePagel
laX.fontspec)

Package fontspec Info: 
(fontspec)             Font family 'TeXGyrePagellaX(0)' created for font
(fontspec)             'TeXGyrePagellaX' with options [Ligatures=TeX,Extension
(fontspec)             = .otf,UprightFont = TeXGyrePagellaX-Regular,BoldFont =
(fontspec)             TeXGyrePagellaX-Bold,ItalicFont =
(fontspec)             TeXGyrePagellaX-Italic,BoldItalicFont =
(fontspec)             TeXGyrePagellaX-BoldItalic,SlantedFont =
(fontspec)             TeXGyrePagellaX-Slanted,BoldSlantedFont =
(fontspec)             TeXGyrePagellaX-BoldSlanted,Numbers =
(fontspec)             {Monospaced,Lining}].
(fontspec)              
(fontspec)              This font family consists of the following NFSS
(fontspec)             series/shapes:
(fontspec)              
(fontspec)             - 'normal' (m/n) with NFSS spec.:
(fontspec)             <->"[TeXGyrePagellaX-Regular.otf]/OT:script=latn;languag
e=dflt;+tnum;+lnum;mapping=tex-text;"
(fontspec)             - 'small caps'  (m/sc) with NFSS spec.:
(fontspec)             <->"[TeXGyrePagellaX-Regular.otf]/OT:script=latn;languag
e=dflt;+tnum;+lnum;+smcp;mapping=tex-text;"
(fontspec)             - 'bold' (b/n) with NFSS spec.:
(fontspec)             <->"[TeXGyrePagellaX-Bold.otf]/OT:script=latn;language=d
flt;+tnum;+lnum;mapping=tex-text;"
(fontspec)             - 'bold small caps'  (b/sc) with NFSS spec.:
(fontspec)             <->"[TeXGyrePagellaX-Bold.otf]/OT:script=latn;language=d
flt;+tnum;+lnum;+smcp;mapping=tex-text;"
(fontspec)             - 'italic' (m/it) with NFSS spec.:
(fontspec)             <->"[TeXGyrePagellaX-Italic.otf]/OT:script=latn;language
=dflt;+tnum;+lnum;mapping=tex-text;"
(fontspec)             - 'italic small caps'  (m/scit) with NFSS spec.:
(fontspec)             <->"[TeXGyrePagellaX-Italic.otf]/OT:script=latn;language
=dflt;+tnum;+lnum;+smcp;mapping=tex-text;"
(fontspec)             - 'slanted' (m/sl) with NFSS spec.:
(fontspec)             <->"[TeXGyrePagellaX-Slanted.otf]/OT:script=latn;languag
e=dflt;+tnum;+lnum;mapping=tex-text;"
(fontspec)             - 'slanted small caps'  (m/scsl) with NFSS spec.:
(fontspec)             <->"[TeXGyrePagellaX-Slanted.otf]/OT:script=latn;languag
e=dflt;+tnum;+lnum;+smcp;mapping=tex-text;"
(fontspec)             - 'bold italic' (b/it) with NFSS spec.:
(fontspec)             <->"[TeXGyrePagellaX-BoldItalic.otf]/OT:script=latn;lang
uage=dflt;+tnum;+lnum;mapping=tex-text;"
(fontspec)             - 'bold italic small caps'  (b/scit) with NFSS spec.:
(fontspec)             <->"[TeXGyrePagellaX-BoldItalic.otf]/OT:script=latn;lang
uage=dflt;+tnum;+lnum;+smcp;mapping=tex-text;"
(fontspec)             - 'bold slanted' (b/sl) with NFSS spec.:
(fontspec)             <->"[TeXGyrePagellaX-BoldSlanted.otf]/OT:script=latn;lan
guage=dflt;+tnum;+lnum;mapping=tex-text;"
(fontspec)             - 'bold slanted small caps'  (b/scsl) with NFSS spec.:
(fontspec)             <->"[TeXGyrePagellaX-BoldSlanted.otf]/OT:script=latn;lan
guage=dflt;+tnum;+lnum;+smcp;mapping=tex-text;"

 (./Notemain.aux)
\openout1 = `Notemain.aux'.

LaTeX Font Info:    Checking defaults for OML/cmm/m/it on input line 213.
LaTeX Font Info:    ... okay on input line 213.
LaTeX Font Info:    Checking defaults for OMS/cmsy/m/n on input line 213.
LaTeX Font Info:    ... okay on input line 213.
LaTeX Font Info:    Checking defaults for OT1/cmr/m/n on input line 213.
LaTeX Font Info:    ... okay on input line 213.
LaTeX Font Info:    Checking defaults for T1/cmr/m/n on input line 213.
LaTeX Font Info:    ... okay on input line 213.
LaTeX Font Info:    Checking defaults for TS1/cmr/m/n on input line 213.
LaTeX Font Info:    ... okay on input line 213.
LaTeX Font Info:    Checking defaults for TU/lmr/m/n on input line 213.
LaTeX Font Info:    ... okay on input line 213.
LaTeX Font Info:    Checking defaults for OMX/cmex/m/n on input line 213.
LaTeX Font Info:    ... okay on input line 213.
LaTeX Font Info:    Checking defaults for U/cmr/m/n on input line 213.
LaTeX Font Info:    ... okay on input line 213.
LaTeX Font Info:    Checking defaults for PD1/pdf/m/n on input line 213.
LaTeX Font Info:    ... okay on input line 213.
LaTeX Font Info:    Checking defaults for PU/pdf/m/n on input line 213.
LaTeX Font Info:    ... okay on input line 213.

*geometry* driver: auto-detecting
*geometry* detected driver: xetex
*geometry* verbose mode - [ preamble ] result:
* driver: xetex
* paper: a4paper
* layout: <same size as paper>
* layoutoffset:(h,v)=(0.0pt,0.0pt)
* modes: twoside 
* h-part:(L,W,R)=(56.9055pt, 483.69687pt, 56.9055pt)
* v-part:(T,H,B)=(72.26997pt, 700.5069pt, 72.26997pt)
* \paperwidth=597.50787pt
* \paperheight=845.04684pt
* \textwidth=483.69687pt
* \textheight=700.5069pt
* \oddsidemargin=-15.36449pt
* \evensidemargin=-15.36449pt
* \topmargin=-73.12352pt
* \headheight=61.74242pt
* \headsep=11.38109pt
* \topskip=10.0pt
* \footskip=34.1433pt
* \marginparwidth=125.0pt
* \marginparsep=7.0pt
* \columnsep=10.0pt
* \skip\footins=9.0pt plus 4.0pt minus 2.0pt
* \hoffset=0.0pt
* \voffset=0.0pt
* \mag=1000
* \@twocolumnfalse
* \@twosidetrue
* \@mparswitchtrue
* \@reversemarginfalse
* (1in=72.27pt=25.4mm, 1cm=28.453pt)

Package hyperref Info: Link coloring ON on input line 213.
(./Notemain.out) (./Notemain.out)
\@outlinefile=\write5
\openout5 = `Notemain.out'.

\c@lstlisting=\count376
Package caption Info: Begin \AtBeginDocument code.
Package caption Info: End \AtBeginDocument code.
*geometry* verbose mode - [ newgeometry ] result:
* driver: xetex
* paper: a4paper
* layout: <same size as paper>
* layoutoffset:(h,v)=(0.0pt,0.0pt)
* modes: twoside 
* h-part:(L,W,R)=(0.0pt, 597.50787pt, 0.0pt)
* v-part:(T,H,B)=(0.0pt, 845.04684pt, 0.0pt)
* \paperwidth=597.50787pt
* \paperheight=845.04684pt
* \textwidth=597.50787pt
* \textheight=845.04684pt
* \oddsidemargin=-72.26999pt
* \evensidemargin=-72.26999pt
* \topmargin=-145.3935pt
* \headheight=61.74242pt
* \headsep=11.38109pt
* \topskip=10.0pt
* \footskip=34.1433pt
* \marginparwidth=125.0pt
* \marginparsep=7.0pt
* \columnsep=10.0pt
* \skip\footins=9.0pt plus 4.0pt minus 2.0pt
* \hoffset=0.0pt
* \voffset=0.0pt
* \mag=1000
* \@twocolumnfalse
* \@twosidetrue
* \@mparswitchtrue
* \@reversemarginfalse
* (1in=72.27pt=25.4mm, 1cm=28.453pt)

File: Images/Cover_images/7_2.jpg Graphic file (type bmp)
<Images/Cover_images/7_2.jpg>

Overfull \hbox (5.34625pt too wide) in paragraph at lines 216--216
[][] 
 []


Underfull \hbox (badness 10000) in paragraph at lines 216--216

 []

LaTeX Font Info:    Trying to load font information for OT1+ppl on input line 2
16.
(d:/A_Insatall/Texlive2025/texlive/2025/texmf-dist/tex/latex/psnfss/ot1ppl.fd
File: ot1ppl.fd 2001/06/04 font definitions for OT1/ppl.
)
LaTeX Font Info:    Trying to load font information for OML+zplm on input line 
216.

(d:/A_Insatall/Texlive2025/texlive/2025/texmf-dist/tex/latex/psnfss/omlzplm.fd
File: omlzplm.fd 2002/09/08 Fontinst v1.914 font definitions for OML/zplm.
)
LaTeX Font Info:    Trying to load font information for OMS+zplm on input line 
216.
(d:/A_Insatall/Texlive2025/texlive/2025/texmf-dist/tex/latex/psnfss/omszplm.fd
File: omszplm.fd 2002/09/08 Fontinst v1.914 font definitions for OMS/zplm.
)
LaTeX Font Info:    Trying to load font information for OMX+zplm on input line 
216.
(d:/A_Insatall/Texlive2025/texlive/2025/texmf-dist/tex/latex/psnfss/omxzplm.fd
File: omxzplm.fd 2002/09/08 Fontinst v1.914 font definitions for OMX/zplm.
)
LaTeX Font Info:    Font shape `U/msa/m/n' will be
(Font)              scaled to size 10.42007pt on input line 216.
LaTeX Font Info:    Font shape `U/msa/m/n' will be
(Font)              scaled to size 7.91925pt on input line 216.
LaTeX Font Info:    Font shape `U/msa/m/n' will be
(Font)              scaled to size 6.25204pt on input line 216.
LaTeX Font Info:    Font shape `U/msb/m/n' will be
(Font)              scaled to size 10.42007pt on input line 216.
LaTeX Font Info:    Font shape `U/msb/m/n' will be
(Font)              scaled to size 7.91925pt on input line 216.
LaTeX Font Info:    Font shape `U/msb/m/n' will be
(Font)              scaled to size 6.25204pt on input line 216.
LaTeX Font Info:    Trying to load font information for U+rsfs on input line 21
6.
(d:/A_Insatall/Texlive2025/texlive/2025/texmf-dist/tex/latex/jknapltx/ursfs.fd
File: ursfs.fd 1998/03/24 rsfs font definition file (jk)
)
LaTeX Font Info:    Trying to load font information for OT1+zplm on input line 
216.
(d:/A_Insatall/Texlive2025/texlive/2025/texmf-dist/tex/latex/psnfss/ot1zplm.fd
File: ot1zplm.fd 2002/09/08 Fontinst v1.914 font definitions for OT1/zplm.
)

Package fontspec Info: 
(fontspec)             Could not resolve font "KaiTi/BI" (it probably doesn't
(fontspec)             exist).


Package fontspec Info: 
(fontspec)             Could not resolve font "KaiTi/B" (it probably doesn't
(fontspec)             exist).


Package fontspec Info: 
(fontspec)             Could not resolve font "KaiTi/I" (it probably doesn't
(fontspec)             exist).


Package fontspec Info: 
(fontspec)             Font family 'KaiTi(0)' created for font 'KaiTi' with
(fontspec)             options [Script={CJK}].
(fontspec)              
(fontspec)              This font family consists of the following NFSS
(fontspec)             series/shapes:
(fontspec)              
(fontspec)             - 'normal' (m/n) with NFSS spec.:
(fontspec)             <->"KaiTi/OT:script=hani;language=dflt;"

LaTeX Font Info:    Font shape `U/msa/m/n' will be
(Font)              scaled to size 15.0049pt on input line 216.
LaTeX Font Info:    Font shape `U/msa/m/n' will be
(Font)              scaled to size 8.33606pt on input line 216.
LaTeX Font Info:    Font shape `U/msb/m/n' will be
(Font)              scaled to size 15.0049pt on input line 216.
LaTeX Font Info:    Font shape `U/msb/m/n' will be
(Font)              scaled to size 8.33606pt on input line 216.


[1




] (./Notemain.toc

[2


])
\tf@toc=\write6
\openout6 = `Notemain.toc'.



[3]

[4

] (./Chapters/chapter1_Mathtool.tex
Chapter 1.
(./Sections/Chapter1_Sections/section1.tex

LaTeX Font Warning: Font shape `TU/KaiTi(0)/b/n' undefined
(Font)              using `TU/KaiTi(0)/m/n' instead on input line 1.

) (./Sections/Chapter1_Sections/section2.tex)
(./Sections/Chapter1_Sections/section3.tex)
(./Sections/Chapter1_Sections/section4.tex)
(./Sections/Chapter1_Sections/section5.tex)
(./Sections/Chapter1_Sections/section6.tex)
(./Sections/Chapter1_Sections/section7.tex)
(./Sections/Chapter1_Sections/section8.tex))

[1

] (./Chapters/chapter2_Theoretical_Analysis.tex
Chapter 2.
(./Sections/Chapter2_Sections/section1.tex)
(./Sections/Chapter2_Sections/section2.tex))

[2

] (./Chapters/chapter3_AIcode.tex
Chapter 3.
(./Sections/Chapter3_Sections/section1.tex
Package hyperref Info: bookmark level for unknown lstlisting defaults to 0 on i
nput line 10.

Package fontspec Info: 
(fontspec)             Could not resolve font "FangSong/BI" (it probably
(fontspec)             doesn't exist).


Package fontspec Info: 
(fontspec)             Could not resolve font "FangSong/B" (it probably
(fontspec)             doesn't exist).


Package fontspec Info: 
(fontspec)             Could not resolve font "FangSong/I" (it probably
(fontspec)             doesn't exist).


Package fontspec Info: 
(fontspec)             Font family 'FangSong(0)' created for font 'FangSong'
(fontspec)             with options [Script={CJK}].
(fontspec)              
(fontspec)              This font family consists of the following NFSS
(fontspec)             series/shapes:
(fontspec)              
(fontspec)             - 'normal' (m/n) with NFSS spec.:
(fontspec)             <->"FangSong/OT:script=hani;language=dflt;"



[3

]

[4]

[5]
(d:/A_Insatall/Texlive2025/texlive/2025/texmf-dist/tex/latex/listings/lstlang1.
sty
File: lstlang1.sty 2024/09/23 1.10c listings language file
)

[6]

[7]

[8]

[9]

[10]

[11]

[12]
Underfull \vbox (badness 10000) has occurred while \output is active []



[13]
(d:/A_Insatall/Texlive2025/texlive/2025/texmf-dist/tex/latex/listings/lstlang1.
sty
File: lstlang1.sty 2024/09/23 1.10c listings language file
)
(d:/A_Insatall/Texlive2025/texlive/2025/texmf-dist/tex/latex/listings/lstlang2.
sty
File: lstlang2.sty 2024/09/23 1.10c listings language file
)
(d:/A_Insatall/Texlive2025/texlive/2025/texmf-dist/tex/latex/listings/lstlang3.
sty
File: lstlang3.sty 2024/09/23 1.10c listings language file
)
(d:/A_Insatall/Texlive2025/texlive/2025/texmf-dist/tex/latex/listings/lstlang1.
sty
File: lstlang1.sty 2024/09/23 1.10c listings language file
)
(d:/A_Insatall/Texlive2025/texlive/2025/texmf-dist/tex/latex/listings/lstlang2.
sty
File: lstlang2.sty 2024/09/23 1.10c listings language file
)
(d:/A_Insatall/Texlive2025/texlive/2025/texmf-dist/tex/latex/listings/lstlang3.
sty
File: lstlang3.sty 2024/09/23 1.10c listings language file
)
(d:/A_Insatall/Texlive2025/texlive/2025/texmf-dist/tex/latex/listings/lstlang1.
sty
File: lstlang1.sty 2024/09/23 1.10c listings language file
)
(d:/A_Insatall/Texlive2025/texlive/2025/texmf-dist/tex/latex/listings/lstlang2.
sty
File: lstlang2.sty 2024/09/23 1.10c listings language file
)
(d:/A_Insatall/Texlive2025/texlive/2025/texmf-dist/tex/latex/listings/lstlang3.
sty
File: lstlang3.sty 2024/09/23 1.10c listings language file
)
(d:/A_Insatall/Texlive2025/texlive/2025/texmf-dist/tex/latex/listings/lstmisc.s
ty
File: lstmisc.sty 2024/09/23 1.10c (Carsten Heinz)
)
Overfull \hbox (23.33331pt too wide) in paragraph at lines 622--646
[]$[]$$[]$ $[]$ $[]$ 
 []


Overfull \hbox (78.54498pt too wide) in paragraph at lines 663--664
 [][] 
 []


Overfull \hbox (135.55048pt too wide) in paragraph at lines 674--675
 [][] 
 []


Overfull \hbox (137.15048pt too wide) in paragraph at lines 687--688
 [][] 
 []



[14]

[15]) (./Sections/Chapter3_Sections/section2.tex

[16]

[17]

[18]
Underfull \vbox (badness 10000) has occurred while \output is active []



[19]

[20]

[21]

[22]) (./Sections/Chapter3_Sections/section3.tex
File: Images/Chapter3_images/Sentiment_Analysis_Process.pdf Graphic file (type 
pdf)
<use Images/Chapter3_images/Sentiment_Analysis_Process.pdf>
))

[23] (./Chapters/chapter4_AI_Knowledge_Compilation.tex
Chapter 4.
(./Sections/Chapter4_Sections/section1.tex))

[24

] (./Chapters/chapter5_Article_Summary.tex
Chapter 5.
(./Sections/Chapter5_Sections/section1.tex)
(./Sections/Chapter5_Sections/section2.tex)
(./Sections/Chapter5_Sections/section3.tex)
(./Sections/Chapter5_Sections/section4.tex)
(./Sections/Chapter5_Sections/section5.tex)
(./Sections/Chapter5_Sections/section6.tex))

[25

] (./Chapters/chapter6_Technical_Summary.tex
Chapter 6.
(./Sections/Chapter6_Sections/section1.tex

[26

]
File: Images/Chapter6_images/DARTS.pdf Graphic file (type pdf)
<use Images/Chapter6_images/DARTS.pdf>


[27]))

[28] (./Chapters/chapter7_Project_Exercise.tex
Chapter 7.
)

[29

] (./Notemain.bbl)

[30

] (./Appendix/A_Datasets.tex
附录 A.

Overfull \hbox (0.90239pt too wide) detected at line 1
 []\TU/TeXGyrePagellaX(0)/b/n/24.88 Chapter A 
 []


Overfull \hbox (7.25887pt too wide) in paragraph at lines 28--30
[]\TU/SimSun(0)/b/n/10 数 据 下 载 链 接：|  [][]$[][][][][] [] [] [] [][][][][][][][]
[] [] [][][][] [] [][][][][][][][] [] [][][] [] [][][][][][][][] [] [][][][][][
][][] [] [][][][][][][][][][][][][] [] [][][][][][][][] []
 []



[31

]
Overfull \hbox (2.00887pt too wide) in paragraph at lines 85--87
[]\TU/SimSun(0)/b/n/10 数 据 下 载 链 接：|  [][]$[][][][][] [] [] [] [][][][][][][][]
[] [] [][][][] [] [][][][][][][][] [] [][][] [] [][][][][][][][] [] [][][][][][
][][] [] [][][][][][][][][][][] [] [][][][][][] [] [][][]$[][] 
 []

)

[32] (./Notemain.aux)
 ***********
LaTeX2e <2024-11-01> patch level 2
L3 programming layer <2022/08/05>
 ***********


LaTeX Font Warning: Some font shapes were not available, defaults substituted.

Package rerunfilecheck Info: File `Notemain.out' has not changed.
(rerunfilecheck)             Checksum: 434B85F500AEB4117FEB57DBCC77D1A2;6779.
 ) 
Here is how much of TeX's memory you used:
 34819 strings out of 473832
 734710 string characters out of 5722600
 1624082 words of memory out of 5000000
 57150 multiletter control sequences out of 15000+600000
 574494 words of font info for 131 fonts, out of 8000000 for 9000
 1348 hyphenation exceptions out of 8191
 93i,19n,131p,545b,2118s stack positions out of 10000i,1000n,20000p,200000b,200000s

Output written on Notemain.pdf (36 pages).
